=== RUN   TestTerraformBasicExample
=== PAUSE TestTerraformBasicExample
=== CONT  TestTerraformBasicExample
TestTerraformBasicExample 2021-06-21T18:58:35+02:00 retry.go:91: terraform [init -upgrade=true -no-color]
TestTerraformBasicExample 2021-06-21T18:58:35+02:00 logger.go:66: Running command terraform with args [init -upgrade=true -no-color]
TestTerraformBasicExample 2021-06-21T18:58:35+02:00 logger.go:66: Upgrading modules...
TestTerraformBasicExample 2021-06-21T18:58:36+02:00 logger.go:66: Downloading cloudposse/eks-cluster/aws 0.41.0 for eks_cluster...
TestTerraformBasicExample 2021-06-21T18:58:37+02:00 logger.go:66: - eks_cluster in .terraform/modules/eks_cluster
TestTerraformBasicExample 2021-06-21T18:58:38+02:00 logger.go:66: Downloading cloudposse/label/null 0.24.1 for eks_cluster.label...
TestTerraformBasicExample 2021-06-21T18:58:39+02:00 logger.go:66: - eks_cluster.label in .terraform/modules/eks_cluster.label
TestTerraformBasicExample 2021-06-21T18:58:39+02:00 logger.go:66: Downloading cloudposse/security-group/aws 0.3.1 for eks_cluster.security_group...
TestTerraformBasicExample 2021-06-21T18:58:40+02:00 logger.go:66: - eks_cluster.security_group in .terraform/modules/eks_cluster.security_group
TestTerraformBasicExample 2021-06-21T18:58:40+02:00 logger.go:66: Downloading cloudposse/label/null 0.24.1 for eks_cluster.security_group.this...
TestTerraformBasicExample 2021-06-21T18:58:40+02:00 logger.go:66: - eks_cluster.security_group.this in .terraform/modules/eks_cluster.security_group.this
TestTerraformBasicExample 2021-06-21T18:58:40+02:00 logger.go:66: Downloading cloudposse/label/null 0.24.1 for eks_cluster.this...
TestTerraformBasicExample 2021-06-21T18:58:40+02:00 logger.go:66: - eks_cluster.this in .terraform/modules/eks_cluster.this
TestTerraformBasicExample 2021-06-21T18:58:40+02:00 logger.go:66: Downloading cloudposse/eks-node-group/aws 0.19.0 for eks_workers...
TestTerraformBasicExample 2021-06-21T18:58:41+02:00 logger.go:66: - eks_workers in .terraform/modules/eks_workers
TestTerraformBasicExample 2021-06-21T18:58:41+02:00 logger.go:66: Downloading cloudposse/label/null 0.24.1 for eks_workers.label...
TestTerraformBasicExample 2021-06-21T18:58:41+02:00 logger.go:66: - eks_workers.label in .terraform/modules/eks_workers.label
TestTerraformBasicExample 2021-06-21T18:58:41+02:00 logger.go:66: Downloading cloudposse/label/null 0.24.1 for eks_workers.this...
TestTerraformBasicExample 2021-06-21T18:58:41+02:00 logger.go:66: - eks_workers.this in .terraform/modules/eks_workers.this
TestTerraformBasicExample 2021-06-21T18:58:41+02:00 logger.go:66: Downloading cloudposse/label/null 0.24.1 for label...
TestTerraformBasicExample 2021-06-21T18:58:41+02:00 logger.go:66: - label in .terraform/modules/label
TestTerraformBasicExample 2021-06-21T18:58:41+02:00 logger.go:66: Downloading cloudposse/dynamic-subnets/aws 0.39.3 for subnets...
TestTerraformBasicExample 2021-06-21T18:58:42+02:00 logger.go:66: - subnets in .terraform/modules/subnets
TestTerraformBasicExample 2021-06-21T18:58:42+02:00 logger.go:66: Downloading cloudposse/label/null 0.24.1 for subnets.nat_instance_label...
TestTerraformBasicExample 2021-06-21T18:58:42+02:00 logger.go:66: - subnets.nat_instance_label in .terraform/modules/subnets.nat_instance_label
TestTerraformBasicExample 2021-06-21T18:58:42+02:00 logger.go:66: Downloading cloudposse/label/null 0.24.1 for subnets.nat_label...
TestTerraformBasicExample 2021-06-21T18:58:42+02:00 logger.go:66: - subnets.nat_label in .terraform/modules/subnets.nat_label
TestTerraformBasicExample 2021-06-21T18:58:42+02:00 logger.go:66: Downloading cloudposse/label/null 0.24.1 for subnets.private_label...
TestTerraformBasicExample 2021-06-21T18:58:42+02:00 logger.go:66: - subnets.private_label in .terraform/modules/subnets.private_label
TestTerraformBasicExample 2021-06-21T18:58:42+02:00 logger.go:66: Downloading cloudposse/label/null 0.24.1 for subnets.public_label...
TestTerraformBasicExample 2021-06-21T18:58:42+02:00 logger.go:66: - subnets.public_label in .terraform/modules/subnets.public_label
TestTerraformBasicExample 2021-06-21T18:58:42+02:00 logger.go:66: Downloading cloudposse/label/null 0.24.1 for subnets.this...
TestTerraformBasicExample 2021-06-21T18:58:42+02:00 logger.go:66: - subnets.this in .terraform/modules/subnets.this
TestTerraformBasicExample 2021-06-21T18:58:43+02:00 logger.go:66: Downloading cloudposse/utils/aws 0.8.0 for subnets.utils...
TestTerraformBasicExample 2021-06-21T18:58:43+02:00 logger.go:66: - subnets.utils in .terraform/modules/subnets.utils
TestTerraformBasicExample 2021-06-21T18:58:43+02:00 logger.go:66: Downloading cloudposse/label/null 0.24.1 for subnets.utils.this...
TestTerraformBasicExample 2021-06-21T18:58:43+02:00 logger.go:66: - subnets.utils.this in .terraform/modules/subnets.utils.this
TestTerraformBasicExample 2021-06-21T18:58:43+02:00 logger.go:66: Downloading cloudposse/label/null 0.24.1 for this...
TestTerraformBasicExample 2021-06-21T18:58:43+02:00 logger.go:66: - this in .terraform/modules/this
TestTerraformBasicExample 2021-06-21T18:58:44+02:00 logger.go:66: Downloading cloudposse/vpc/aws 0.21.1 for vpc...
TestTerraformBasicExample 2021-06-21T18:58:45+02:00 logger.go:66: - vpc in .terraform/modules/vpc
TestTerraformBasicExample 2021-06-21T18:58:45+02:00 logger.go:66: Downloading cloudposse/label/null 0.24.1 for vpc.label...
TestTerraformBasicExample 2021-06-21T18:58:45+02:00 logger.go:66: - vpc.label in .terraform/modules/vpc.label
TestTerraformBasicExample 2021-06-21T18:58:45+02:00 logger.go:66: Downloading cloudposse/label/null 0.24.1 for vpc.this...
TestTerraformBasicExample 2021-06-21T18:58:45+02:00 logger.go:66: - vpc.this in .terraform/modules/vpc.this
TestTerraformBasicExample 2021-06-21T18:58:45+02:00 logger.go:66: 
TestTerraformBasicExample 2021-06-21T18:58:45+02:00 logger.go:66: Initializing the backend...
TestTerraformBasicExample 2021-06-21T18:58:46+02:00 logger.go:66: 
TestTerraformBasicExample 2021-06-21T18:58:46+02:00 logger.go:66: Initializing provider plugins...
TestTerraformBasicExample 2021-06-21T18:58:46+02:00 logger.go:66: - Finding hashicorp/random versions matching ">= 2.0.0"...
TestTerraformBasicExample 2021-06-21T18:58:46+02:00 logger.go:66: - Finding hashicorp/template versions matching ">= 2.0.0"...
TestTerraformBasicExample 2021-06-21T18:58:46+02:00 logger.go:66: - Finding hashicorp/null versions matching ">= 2.0.0"...
TestTerraformBasicExample 2021-06-21T18:58:47+02:00 logger.go:66: - Finding hashicorp/local versions matching ">= 1.2.0, >= 1.3.0"...
TestTerraformBasicExample 2021-06-21T18:58:47+02:00 logger.go:66: - Finding hashicorp/kubernetes versions matching ">= 1.0.0, >= 2.0.0"...
TestTerraformBasicExample 2021-06-21T18:58:48+02:00 logger.go:66: - Finding hashicorp/aws versions matching ">= 2.0.0, >= 3.0.0"...
TestTerraformBasicExample 2021-06-21T18:58:48+02:00 logger.go:66: - Finding hashicorp/tls versions matching ">= 2.2.0"...
TestTerraformBasicExample 2021-06-21T18:58:49+02:00 logger.go:66: - Using previously-installed hashicorp/kubernetes v2.3.2
TestTerraformBasicExample 2021-06-21T18:58:49+02:00 logger.go:66: - Using previously-installed hashicorp/aws v3.46.0
TestTerraformBasicExample 2021-06-21T18:58:49+02:00 logger.go:66: - Using previously-installed hashicorp/tls v3.1.0
TestTerraformBasicExample 2021-06-21T18:58:50+02:00 logger.go:66: - Using previously-installed hashicorp/random v3.1.0
TestTerraformBasicExample 2021-06-21T18:58:50+02:00 logger.go:66: - Using previously-installed hashicorp/template v2.2.0
TestTerraformBasicExample 2021-06-21T18:58:50+02:00 logger.go:66: - Using previously-installed hashicorp/null v3.1.0
TestTerraformBasicExample 2021-06-21T18:58:50+02:00 logger.go:66: - Using previously-installed hashicorp/local v2.1.0
TestTerraformBasicExample 2021-06-21T18:58:50+02:00 logger.go:66: 
TestTerraformBasicExample 2021-06-21T18:58:50+02:00 logger.go:66: Terraform has been successfully initialized!
TestTerraformBasicExample 2021-06-21T18:58:50+02:00 logger.go:66: 
TestTerraformBasicExample 2021-06-21T18:58:50+02:00 logger.go:66: You may now begin working with Terraform. Try running "terraform plan" to see
TestTerraformBasicExample 2021-06-21T18:58:50+02:00 logger.go:66: any changes that are required for your infrastructure. All Terraform commands
TestTerraformBasicExample 2021-06-21T18:58:50+02:00 logger.go:66: should now work.
TestTerraformBasicExample 2021-06-21T18:58:50+02:00 logger.go:66: 
TestTerraformBasicExample 2021-06-21T18:58:50+02:00 logger.go:66: If you ever set or change modules or backend configuration for Terraform,
TestTerraformBasicExample 2021-06-21T18:58:50+02:00 logger.go:66: rerun this command to reinitialize your working directory. If you forget, other
TestTerraformBasicExample 2021-06-21T18:58:50+02:00 logger.go:66: commands will detect it and remind you to do so if necessary.
TestTerraformBasicExample 2021-06-21T18:58:50+02:00 retry.go:91: terraform [apply -input=false -auto-approve -var-file examples/basic/fixtures.tfvars -lock=false -no-color]
TestTerraformBasicExample 2021-06-21T18:58:50+02:00 logger.go:66: Running command terraform with args [apply -input=false -auto-approve -var-file examples/basic/fixtures.tfvars -lock=false -no-color]
TestTerraformBasicExample 2021-06-21T18:59:10+02:00 logger.go:66: module.vpc.aws_vpc.default[0]: Creating...
TestTerraformBasicExample 2021-06-21T18:59:10+02:00 logger.go:66: module.eks_cluster.aws_cloudwatch_log_group.default[0]: Creating...
TestTerraformBasicExample 2021-06-21T18:59:10+02:00 logger.go:66: module.eks_cluster.aws_kms_key.cluster[0]: Creating...
TestTerraformBasicExample 2021-06-21T18:59:10+02:00 logger.go:66: module.subnets.aws_eip.default[1]: Creating...
TestTerraformBasicExample 2021-06-21T18:59:10+02:00 logger.go:66: module.eks_cluster.aws_iam_role.default[0]: Creating...
TestTerraformBasicExample 2021-06-21T18:59:10+02:00 logger.go:66: module.subnets.aws_eip.default[0]: Creating...
TestTerraformBasicExample 2021-06-21T18:59:10+02:00 logger.go:66: module.eks_workers.aws_iam_role.default[0]: Creating...
TestTerraformBasicExample 2021-06-21T18:59:11+02:00 logger.go:66: module.subnets.aws_eip.default[1]: Creation complete after 1s [id=eipalloc-0d42786bb485a7771]
TestTerraformBasicExample 2021-06-21T18:59:11+02:00 logger.go:66: module.subnets.aws_eip.default[0]: Creation complete after 1s [id=eipalloc-0ff7e2a9d31b7a6d9]
TestTerraformBasicExample 2021-06-21T18:59:12+02:00 logger.go:66: module.eks_cluster.aws_cloudwatch_log_group.default[0]: Creation complete after 2s [id=/aws/eks/zimagi-develop-eks-cluster/cluster]
TestTerraformBasicExample 2021-06-21T18:59:12+02:00 logger.go:66: module.eks_cluster.aws_iam_role.default[0]: Creation complete after 2s [id=zimagi-develop-eks-cluster]
TestTerraformBasicExample 2021-06-21T18:59:13+02:00 logger.go:66: module.eks_workers.aws_iam_role.default[0]: Creation complete after 2s [id=zimagi-develop-eks-workers]
TestTerraformBasicExample 2021-06-21T18:59:13+02:00 logger.go:66: module.eks_cluster.aws_iam_role_policy_attachment.amazon_eks_cluster_policy[0]: Creating...
TestTerraformBasicExample 2021-06-21T18:59:13+02:00 logger.go:66: module.eks_cluster.aws_iam_role_policy_attachment.amazon_eks_service_policy[0]: Creating...
TestTerraformBasicExample 2021-06-21T18:59:13+02:00 logger.go:66: module.eks_workers.aws_iam_role_policy_attachment.amazon_eks_cni_policy[0]: Creating...
TestTerraformBasicExample 2021-06-21T18:59:13+02:00 logger.go:66: module.eks_workers.aws_iam_role_policy_attachment.amazon_ec2_container_registry_read_only[0]: Creating...
TestTerraformBasicExample 2021-06-21T18:59:13+02:00 logger.go:66: module.eks_workers.aws_iam_role_policy_attachment.amazon_eks_worker_node_policy[0]: Creating...
TestTerraformBasicExample 2021-06-21T18:59:13+02:00 logger.go:66: module.eks_cluster.aws_iam_role_policy.cluster_elb_service_role[0]: Creating...
TestTerraformBasicExample 2021-06-21T18:59:14+02:00 logger.go:66: module.eks_workers.aws_iam_role_policy_attachment.amazon_ec2_container_registry_read_only[0]: Creation complete after 1s [id=zimagi-develop-eks-workers-20210621165913613600000001]
TestTerraformBasicExample 2021-06-21T18:59:14+02:00 logger.go:66: module.eks_cluster.aws_iam_role_policy_attachment.amazon_eks_service_policy[0]: Creation complete after 1s [id=zimagi-develop-eks-cluster-20210621165913635900000004]
TestTerraformBasicExample 2021-06-21T18:59:14+02:00 logger.go:66: module.eks_workers.aws_iam_role_policy_attachment.amazon_eks_cni_policy[0]: Creation complete after 1s [id=zimagi-develop-eks-workers-20210621165913618700000002]
TestTerraformBasicExample 2021-06-21T18:59:14+02:00 logger.go:66: module.eks_cluster.aws_iam_role_policy_attachment.amazon_eks_cluster_policy[0]: Creation complete after 1s [id=zimagi-develop-eks-cluster-20210621165913629400000003]
TestTerraformBasicExample 2021-06-21T18:59:14+02:00 logger.go:66: module.eks_workers.aws_iam_role_policy_attachment.amazon_eks_worker_node_policy[0]: Creation complete after 1s [id=zimagi-develop-eks-workers-20210621165913637500000005]
TestTerraformBasicExample 2021-06-21T18:59:14+02:00 logger.go:66: module.eks_cluster.aws_iam_role_policy.cluster_elb_service_role[0]: Creation complete after 1s [id=zimagi-develop-eks-cluster:zimagi-develop-eks-cluster]
TestTerraformBasicExample 2021-06-21T18:59:20+02:00 logger.go:66: module.vpc.aws_vpc.default[0]: Still creating... [10s elapsed]
TestTerraformBasicExample 2021-06-21T18:59:20+02:00 logger.go:66: module.eks_cluster.aws_kms_key.cluster[0]: Still creating... [10s elapsed]
TestTerraformBasicExample 2021-06-21T18:59:25+02:00 logger.go:66: module.eks_cluster.aws_kms_key.cluster[0]: Creation complete after 14s [id=cfb949d5-5883-420f-a3c8-ea070104aec6]
TestTerraformBasicExample 2021-06-21T18:59:25+02:00 logger.go:66: module.eks_cluster.aws_kms_alias.cluster[0]: Creating...
TestTerraformBasicExample 2021-06-21T18:59:26+02:00 logger.go:66: module.eks_cluster.aws_kms_alias.cluster[0]: Creation complete after 2s [id=alias/zimagi-develop-eks-cluster]
TestTerraformBasicExample 2021-06-21T18:59:30+02:00 logger.go:66: module.vpc.aws_vpc.default[0]: Still creating... [20s elapsed]
TestTerraformBasicExample 2021-06-21T18:59:34+02:00 logger.go:66: module.vpc.aws_vpc.default[0]: Creation complete after 23s [id=vpc-03154c24cfe563183]
TestTerraformBasicExample 2021-06-21T18:59:34+02:00 logger.go:66: module.subnets.data.aws_vpc.default[0]: Reading...
TestTerraformBasicExample 2021-06-21T18:59:34+02:00 logger.go:66: module.vpc.aws_internet_gateway.default[0]: Creating...
TestTerraformBasicExample 2021-06-21T18:59:34+02:00 logger.go:66: module.vpc.aws_default_security_group.default[0]: Creating...
TestTerraformBasicExample 2021-06-21T18:59:34+02:00 logger.go:66: module.eks_cluster.module.security_group.aws_security_group.default[0]: Creating...
TestTerraformBasicExample 2021-06-21T18:59:38+02:00 logger.go:66: module.subnets.data.aws_vpc.default[0]: Read complete after 5s [id=vpc-03154c24cfe563183]
TestTerraformBasicExample 2021-06-21T18:59:38+02:00 logger.go:66: module.subnets.aws_route_table.public[0]: Creating...
TestTerraformBasicExample 2021-06-21T18:59:38+02:00 logger.go:66: module.subnets.aws_subnet.public[1]: Creating...
TestTerraformBasicExample 2021-06-21T18:59:38+02:00 logger.go:66: module.subnets.aws_subnet.public[0]: Creating...
TestTerraformBasicExample 2021-06-21T18:59:38+02:00 logger.go:66: module.subnets.aws_subnet.private[0]: Creating...
TestTerraformBasicExample 2021-06-21T18:59:38+02:00 logger.go:66: module.subnets.aws_subnet.private[1]: Creating...
TestTerraformBasicExample 2021-06-21T18:59:38+02:00 logger.go:66: module.subnets.aws_route_table.private[1]: Creating...
TestTerraformBasicExample 2021-06-21T18:59:38+02:00 logger.go:66: module.subnets.aws_route_table.private[0]: Creating...
TestTerraformBasicExample 2021-06-21T18:59:39+02:00 logger.go:66: module.vpc.aws_internet_gateway.default[0]: Creation complete after 6s [id=igw-0145be76ea005e380]
TestTerraformBasicExample 2021-06-21T18:59:40+02:00 logger.go:66: module.vpc.aws_default_security_group.default[0]: Creation complete after 6s [id=sg-03c21da1863984f4c]
TestTerraformBasicExample 2021-06-21T18:59:40+02:00 logger.go:66: module.eks_cluster.module.security_group.aws_security_group.default[0]: Creation complete after 7s [id=sg-09d0c30bb7988c922]
TestTerraformBasicExample 2021-06-21T18:59:40+02:00 logger.go:66: module.eks_cluster.module.security_group.aws_security_group_rule.default["egress--1-0-65535-9c87e5e1ed040a443ce1ac8e6d6cf159"]: Creating...
TestTerraformBasicExample 2021-06-21T18:59:41+02:00 logger.go:66: module.subnets.aws_route_table.private[1]: Creation complete after 2s [id=rtb-098823f4a7276c13a]
TestTerraformBasicExample 2021-06-21T18:59:41+02:00 logger.go:66: module.subnets.aws_route_table.private[0]: Creation complete after 2s [id=rtb-0ea4cca1fc5bfde15]
TestTerraformBasicExample 2021-06-21T18:59:41+02:00 logger.go:66: module.subnets.aws_route_table.public[0]: Creation complete after 2s [id=rtb-0621236b416a315f6]
TestTerraformBasicExample 2021-06-21T18:59:41+02:00 logger.go:66: module.subnets.aws_route.public[0]: Creating...
TestTerraformBasicExample 2021-06-21T18:59:41+02:00 logger.go:66: module.subnets.aws_subnet.private[0]: Creation complete after 2s [id=subnet-066ca524612cae113]
TestTerraformBasicExample 2021-06-21T18:59:41+02:00 logger.go:66: module.subnets.aws_subnet.private[1]: Creation complete after 2s [id=subnet-0ddd32d715a3298d1]
TestTerraformBasicExample 2021-06-21T18:59:41+02:00 logger.go:66: module.subnets.aws_route_table_association.private[1]: Creating...
TestTerraformBasicExample 2021-06-21T18:59:41+02:00 logger.go:66: module.subnets.aws_route_table_association.private[0]: Creating...
TestTerraformBasicExample 2021-06-21T18:59:41+02:00 logger.go:66: module.subnets.aws_network_acl.private[0]: Creating...
TestTerraformBasicExample 2021-06-21T18:59:42+02:00 logger.go:66: module.subnets.aws_route_table_association.private[1]: Creation complete after 1s [id=rtbassoc-07b16b05201e16876]
TestTerraformBasicExample 2021-06-21T18:59:42+02:00 logger.go:66: module.subnets.aws_route_table_association.private[0]: Creation complete after 1s [id=rtbassoc-07deee4d970acdfc0]
TestTerraformBasicExample 2021-06-21T18:59:43+02:00 logger.go:66: module.eks_cluster.module.security_group.aws_security_group_rule.default["egress--1-0-65535-9c87e5e1ed040a443ce1ac8e6d6cf159"]: Creation complete after 2s [id=sgrule-2621663839]
TestTerraformBasicExample 2021-06-21T18:59:44+02:00 logger.go:66: module.subnets.aws_route.public[0]: Creation complete after 3s [id=r-rtb-0621236b416a315f61080289494]
TestTerraformBasicExample 2021-06-21T18:59:48+02:00 logger.go:66: module.subnets.aws_subnet.public[1]: Still creating... [10s elapsed]
TestTerraformBasicExample 2021-06-21T18:59:48+02:00 logger.go:66: module.subnets.aws_subnet.public[0]: Still creating... [10s elapsed]
TestTerraformBasicExample 2021-06-21T18:59:51+02:00 logger.go:66: module.subnets.aws_network_acl.private[0]: Creation complete after 10s [id=acl-09030ef0667373e1c]
TestTerraformBasicExample 2021-06-21T18:59:54+02:00 logger.go:66: module.subnets.aws_subnet.public[1]: Creation complete after 16s [id=subnet-0ed1c056b2c587d01]
TestTerraformBasicExample 2021-06-21T18:59:54+02:00 logger.go:66: module.subnets.aws_subnet.public[0]: Creation complete after 16s [id=subnet-002cb838d1226f36b]
TestTerraformBasicExample 2021-06-21T18:59:54+02:00 logger.go:66: module.subnets.aws_route_table_association.public[0]: Creating...
TestTerraformBasicExample 2021-06-21T18:59:54+02:00 logger.go:66: module.subnets.aws_nat_gateway.default[0]: Creating...
TestTerraformBasicExample 2021-06-21T18:59:54+02:00 logger.go:66: module.subnets.aws_route_table_association.public[1]: Creating...
TestTerraformBasicExample 2021-06-21T18:59:54+02:00 logger.go:66: module.subnets.aws_network_acl.public[0]: Creating...
TestTerraformBasicExample 2021-06-21T18:59:54+02:00 logger.go:66: module.subnets.aws_nat_gateway.default[1]: Creating...
TestTerraformBasicExample 2021-06-21T18:59:54+02:00 logger.go:66: module.eks_cluster.aws_eks_cluster.default[0]: Creating...
TestTerraformBasicExample 2021-06-21T18:59:56+02:00 logger.go:66: module.subnets.aws_route_table_association.public[1]: Creation complete after 1s [id=rtbassoc-071b3ebf9c3056d9f]
TestTerraformBasicExample 2021-06-21T18:59:56+02:00 logger.go:66: module.subnets.aws_route_table_association.public[0]: Creation complete after 1s [id=rtbassoc-067304f1a23d0556d]
TestTerraformBasicExample 2021-06-21T19:00:02+02:00 logger.go:66: module.subnets.aws_network_acl.public[0]: Creation complete after 7s [id=acl-064a3130648d74f9f]
TestTerraformBasicExample 2021-06-21T19:00:04+02:00 logger.go:66: module.subnets.aws_nat_gateway.default[0]: Still creating... [10s elapsed]
TestTerraformBasicExample 2021-06-21T19:00:04+02:00 logger.go:66: module.subnets.aws_nat_gateway.default[1]: Still creating... [10s elapsed]
TestTerraformBasicExample 2021-06-21T19:00:04+02:00 logger.go:66: module.eks_cluster.aws_eks_cluster.default[0]: Still creating... [10s elapsed]
TestTerraformBasicExample 2021-06-21T19:00:14+02:00 logger.go:66: module.subnets.aws_nat_gateway.default[0]: Still creating... [20s elapsed]
TestTerraformBasicExample 2021-06-21T19:00:14+02:00 logger.go:66: module.subnets.aws_nat_gateway.default[1]: Still creating... [20s elapsed]
TestTerraformBasicExample 2021-06-21T19:00:14+02:00 logger.go:66: module.eks_cluster.aws_eks_cluster.default[0]: Still creating... [20s elapsed]
TestTerraformBasicExample 2021-06-21T19:00:24+02:00 logger.go:66: module.subnets.aws_nat_gateway.default[0]: Still creating... [30s elapsed]
TestTerraformBasicExample 2021-06-21T19:00:24+02:00 logger.go:66: module.subnets.aws_nat_gateway.default[1]: Still creating... [30s elapsed]
TestTerraformBasicExample 2021-06-21T19:00:24+02:00 logger.go:66: module.eks_cluster.aws_eks_cluster.default[0]: Still creating... [30s elapsed]
TestTerraformBasicExample 2021-06-21T19:00:34+02:00 logger.go:66: module.subnets.aws_nat_gateway.default[0]: Still creating... [40s elapsed]
TestTerraformBasicExample 2021-06-21T19:00:34+02:00 logger.go:66: module.subnets.aws_nat_gateway.default[1]: Still creating... [40s elapsed]
TestTerraformBasicExample 2021-06-21T19:00:34+02:00 logger.go:66: module.eks_cluster.aws_eks_cluster.default[0]: Still creating... [40s elapsed]
TestTerraformBasicExample 2021-06-21T19:00:44+02:00 logger.go:66: module.subnets.aws_nat_gateway.default[0]: Still creating... [50s elapsed]
TestTerraformBasicExample 2021-06-21T19:00:44+02:00 logger.go:66: module.subnets.aws_nat_gateway.default[1]: Still creating... [50s elapsed]
TestTerraformBasicExample 2021-06-21T19:00:44+02:00 logger.go:66: module.eks_cluster.aws_eks_cluster.default[0]: Still creating... [50s elapsed]
TestTerraformBasicExample 2021-06-21T19:00:54+02:00 logger.go:66: module.subnets.aws_nat_gateway.default[0]: Still creating... [1m0s elapsed]
TestTerraformBasicExample 2021-06-21T19:00:54+02:00 logger.go:66: module.subnets.aws_nat_gateway.default[1]: Still creating... [1m0s elapsed]
TestTerraformBasicExample 2021-06-21T19:00:54+02:00 logger.go:66: module.eks_cluster.aws_eks_cluster.default[0]: Still creating... [1m0s elapsed]
TestTerraformBasicExample 2021-06-21T19:01:04+02:00 logger.go:66: module.subnets.aws_nat_gateway.default[0]: Still creating... [1m10s elapsed]
TestTerraformBasicExample 2021-06-21T19:01:04+02:00 logger.go:66: module.subnets.aws_nat_gateway.default[1]: Still creating... [1m10s elapsed]
TestTerraformBasicExample 2021-06-21T19:01:04+02:00 logger.go:66: module.eks_cluster.aws_eks_cluster.default[0]: Still creating... [1m10s elapsed]
TestTerraformBasicExample 2021-06-21T19:01:14+02:00 logger.go:66: module.subnets.aws_nat_gateway.default[0]: Still creating... [1m20s elapsed]
TestTerraformBasicExample 2021-06-21T19:01:14+02:00 logger.go:66: module.subnets.aws_nat_gateway.default[1]: Still creating... [1m20s elapsed]
TestTerraformBasicExample 2021-06-21T19:01:14+02:00 logger.go:66: module.eks_cluster.aws_eks_cluster.default[0]: Still creating... [1m20s elapsed]
TestTerraformBasicExample 2021-06-21T19:01:24+02:00 logger.go:66: module.subnets.aws_nat_gateway.default[0]: Still creating... [1m30s elapsed]
TestTerraformBasicExample 2021-06-21T19:01:24+02:00 logger.go:66: module.subnets.aws_nat_gateway.default[1]: Still creating... [1m30s elapsed]
TestTerraformBasicExample 2021-06-21T19:01:24+02:00 logger.go:66: module.eks_cluster.aws_eks_cluster.default[0]: Still creating... [1m30s elapsed]
TestTerraformBasicExample 2021-06-21T19:01:34+02:00 logger.go:66: module.subnets.aws_nat_gateway.default[0]: Still creating... [1m40s elapsed]
TestTerraformBasicExample 2021-06-21T19:01:34+02:00 logger.go:66: module.eks_cluster.aws_eks_cluster.default[0]: Still creating... [1m40s elapsed]
TestTerraformBasicExample 2021-06-21T19:01:34+02:00 logger.go:66: module.subnets.aws_nat_gateway.default[1]: Still creating... [1m40s elapsed]
TestTerraformBasicExample 2021-06-21T19:01:37+02:00 logger.go:66: module.subnets.aws_nat_gateway.default[1]: Creation complete after 1m42s [id=nat-076d6050b82c799e3]
TestTerraformBasicExample 2021-06-21T19:01:44+02:00 logger.go:66: module.subnets.aws_nat_gateway.default[0]: Still creating... [1m50s elapsed]
TestTerraformBasicExample 2021-06-21T19:01:44+02:00 logger.go:66: module.eks_cluster.aws_eks_cluster.default[0]: Still creating... [1m50s elapsed]
TestTerraformBasicExample 2021-06-21T19:01:54+02:00 logger.go:66: module.subnets.aws_nat_gateway.default[0]: Still creating... [2m0s elapsed]
TestTerraformBasicExample 2021-06-21T19:01:54+02:00 logger.go:66: module.eks_cluster.aws_eks_cluster.default[0]: Still creating... [2m0s elapsed]
TestTerraformBasicExample 2021-06-21T19:02:04+02:00 logger.go:66: module.subnets.aws_nat_gateway.default[0]: Still creating... [2m10s elapsed]
TestTerraformBasicExample 2021-06-21T19:02:04+02:00 logger.go:66: module.eks_cluster.aws_eks_cluster.default[0]: Still creating... [2m10s elapsed]
TestTerraformBasicExample 2021-06-21T19:02:12+02:00 logger.go:66: module.subnets.aws_nat_gateway.default[0]: Creation complete after 2m17s [id=nat-060d37a844ce47501]
TestTerraformBasicExample 2021-06-21T19:02:12+02:00 logger.go:66: module.subnets.aws_route.default[0]: Creating...
TestTerraformBasicExample 2021-06-21T19:02:12+02:00 logger.go:66: module.subnets.aws_route.default[1]: Creating...
TestTerraformBasicExample 2021-06-21T19:02:14+02:00 logger.go:66: module.eks_cluster.aws_eks_cluster.default[0]: Still creating... [2m20s elapsed]
TestTerraformBasicExample 2021-06-21T19:02:17+02:00 logger.go:66: module.subnets.aws_route.default[0]: Creation complete after 6s [id=r-rtb-0ea4cca1fc5bfde151080289494]
TestTerraformBasicExample 2021-06-21T19:02:17+02:00 logger.go:66: module.subnets.aws_route.default[1]: Creation complete after 6s [id=r-rtb-098823f4a7276c13a1080289494]
TestTerraformBasicExample 2021-06-21T19:02:24+02:00 logger.go:66: module.eks_cluster.aws_eks_cluster.default[0]: Still creating... [2m30s elapsed]
TestTerraformBasicExample 2021-06-21T19:02:34+02:00 logger.go:66: module.eks_cluster.aws_eks_cluster.default[0]: Still creating... [2m40s elapsed]
TestTerraformBasicExample 2021-06-21T19:02:44+02:00 logger.go:66: module.eks_cluster.aws_eks_cluster.default[0]: Still creating... [2m50s elapsed]
TestTerraformBasicExample 2021-06-21T19:02:54+02:00 logger.go:66: module.eks_cluster.aws_eks_cluster.default[0]: Still creating... [3m0s elapsed]
TestTerraformBasicExample 2021-06-21T19:03:04+02:00 logger.go:66: module.eks_cluster.aws_eks_cluster.default[0]: Still creating... [3m10s elapsed]
TestTerraformBasicExample 2021-06-21T19:03:14+02:00 logger.go:66: module.eks_cluster.aws_eks_cluster.default[0]: Still creating... [3m20s elapsed]
TestTerraformBasicExample 2021-06-21T19:03:24+02:00 logger.go:66: module.eks_cluster.aws_eks_cluster.default[0]: Still creating... [3m30s elapsed]
TestTerraformBasicExample 2021-06-21T19:03:34+02:00 logger.go:66: module.eks_cluster.aws_eks_cluster.default[0]: Still creating... [3m40s elapsed]
TestTerraformBasicExample 2021-06-21T19:03:44+02:00 logger.go:66: module.eks_cluster.aws_eks_cluster.default[0]: Still creating... [3m50s elapsed]
TestTerraformBasicExample 2021-06-21T19:03:54+02:00 logger.go:66: module.eks_cluster.aws_eks_cluster.default[0]: Still creating... [4m0s elapsed]
TestTerraformBasicExample 2021-06-21T19:04:04+02:00 logger.go:66: module.eks_cluster.aws_eks_cluster.default[0]: Still creating... [4m10s elapsed]
TestTerraformBasicExample 2021-06-21T19:04:14+02:00 logger.go:66: module.eks_cluster.aws_eks_cluster.default[0]: Still creating... [4m20s elapsed]
TestTerraformBasicExample 2021-06-21T19:04:24+02:00 logger.go:66: module.eks_cluster.aws_eks_cluster.default[0]: Still creating... [4m30s elapsed]
TestTerraformBasicExample 2021-06-21T19:04:34+02:00 logger.go:66: module.eks_cluster.aws_eks_cluster.default[0]: Still creating... [4m40s elapsed]
TestTerraformBasicExample 2021-06-21T19:04:44+02:00 logger.go:66: module.eks_cluster.aws_eks_cluster.default[0]: Still creating... [4m50s elapsed]
TestTerraformBasicExample 2021-06-21T19:04:54+02:00 logger.go:66: module.eks_cluster.aws_eks_cluster.default[0]: Still creating... [5m0s elapsed]
TestTerraformBasicExample 2021-06-21T19:05:04+02:00 logger.go:66: module.eks_cluster.aws_eks_cluster.default[0]: Still creating... [5m10s elapsed]
TestTerraformBasicExample 2021-06-21T19:05:14+02:00 logger.go:66: module.eks_cluster.aws_eks_cluster.default[0]: Still creating... [5m20s elapsed]
TestTerraformBasicExample 2021-06-21T19:05:24+02:00 logger.go:66: module.eks_cluster.aws_eks_cluster.default[0]: Still creating... [5m30s elapsed]
TestTerraformBasicExample 2021-06-21T19:05:34+02:00 logger.go:66: module.eks_cluster.aws_eks_cluster.default[0]: Still creating... [5m40s elapsed]
TestTerraformBasicExample 2021-06-21T19:05:44+02:00 logger.go:66: module.eks_cluster.aws_eks_cluster.default[0]: Still creating... [5m50s elapsed]
TestTerraformBasicExample 2021-06-21T19:05:54+02:00 logger.go:66: module.eks_cluster.aws_eks_cluster.default[0]: Still creating... [6m0s elapsed]
TestTerraformBasicExample 2021-06-21T19:06:04+02:00 logger.go:66: module.eks_cluster.aws_eks_cluster.default[0]: Still creating... [6m10s elapsed]
TestTerraformBasicExample 2021-06-21T19:06:14+02:00 logger.go:66: module.eks_cluster.aws_eks_cluster.default[0]: Still creating... [6m20s elapsed]
TestTerraformBasicExample 2021-06-21T19:06:24+02:00 logger.go:66: module.eks_cluster.aws_eks_cluster.default[0]: Still creating... [6m30s elapsed]
TestTerraformBasicExample 2021-06-21T19:06:34+02:00 logger.go:66: module.eks_cluster.aws_eks_cluster.default[0]: Still creating... [6m40s elapsed]
TestTerraformBasicExample 2021-06-21T19:06:44+02:00 logger.go:66: module.eks_cluster.aws_eks_cluster.default[0]: Still creating... [6m50s elapsed]
TestTerraformBasicExample 2021-06-21T19:06:54+02:00 logger.go:66: module.eks_cluster.aws_eks_cluster.default[0]: Still creating... [7m0s elapsed]
TestTerraformBasicExample 2021-06-21T19:07:04+02:00 logger.go:66: module.eks_cluster.aws_eks_cluster.default[0]: Still creating... [7m10s elapsed]
TestTerraformBasicExample 2021-06-21T19:07:14+02:00 logger.go:66: module.eks_cluster.aws_eks_cluster.default[0]: Still creating... [7m20s elapsed]
TestTerraformBasicExample 2021-06-21T19:07:24+02:00 logger.go:66: module.eks_cluster.aws_eks_cluster.default[0]: Still creating... [7m30s elapsed]
TestTerraformBasicExample 2021-06-21T19:07:34+02:00 logger.go:66: module.eks_cluster.aws_eks_cluster.default[0]: Still creating... [7m40s elapsed]
TestTerraformBasicExample 2021-06-21T19:07:44+02:00 logger.go:66: module.eks_cluster.aws_eks_cluster.default[0]: Still creating... [7m50s elapsed]
TestTerraformBasicExample 2021-06-21T19:07:54+02:00 logger.go:66: module.eks_cluster.aws_eks_cluster.default[0]: Still creating... [8m0s elapsed]
TestTerraformBasicExample 2021-06-21T19:08:04+02:00 logger.go:66: module.eks_cluster.aws_eks_cluster.default[0]: Still creating... [8m10s elapsed]
TestTerraformBasicExample 2021-06-21T19:08:14+02:00 logger.go:66: module.eks_cluster.aws_eks_cluster.default[0]: Still creating... [8m20s elapsed]
TestTerraformBasicExample 2021-06-21T19:08:24+02:00 logger.go:66: module.eks_cluster.aws_eks_cluster.default[0]: Still creating... [8m30s elapsed]
TestTerraformBasicExample 2021-06-21T19:08:34+02:00 logger.go:66: module.eks_cluster.aws_eks_cluster.default[0]: Still creating... [8m40s elapsed]
TestTerraformBasicExample 2021-06-21T19:08:44+02:00 logger.go:66: module.eks_cluster.aws_eks_cluster.default[0]: Still creating... [8m50s elapsed]
TestTerraformBasicExample 2021-06-21T19:08:54+02:00 logger.go:66: module.eks_cluster.aws_eks_cluster.default[0]: Still creating... [9m0s elapsed]
TestTerraformBasicExample 2021-06-21T19:09:04+02:00 logger.go:66: module.eks_cluster.aws_eks_cluster.default[0]: Still creating... [9m10s elapsed]
TestTerraformBasicExample 2021-06-21T19:09:14+02:00 logger.go:66: module.eks_cluster.aws_eks_cluster.default[0]: Still creating... [9m20s elapsed]
TestTerraformBasicExample 2021-06-21T19:09:24+02:00 logger.go:66: module.eks_cluster.aws_eks_cluster.default[0]: Still creating... [9m30s elapsed]
TestTerraformBasicExample 2021-06-21T19:09:34+02:00 logger.go:66: module.eks_cluster.aws_eks_cluster.default[0]: Still creating... [9m40s elapsed]
TestTerraformBasicExample 2021-06-21T19:09:44+02:00 logger.go:66: module.eks_cluster.aws_eks_cluster.default[0]: Still creating... [9m50s elapsed]
TestTerraformBasicExample 2021-06-21T19:09:54+02:00 logger.go:66: module.eks_cluster.aws_eks_cluster.default[0]: Still creating... [10m0s elapsed]
TestTerraformBasicExample 2021-06-21T19:10:00+02:00 logger.go:66: module.eks_cluster.aws_eks_cluster.default[0]: Creation complete after 10m5s [id=zimagi-develop-eks-cluster]
TestTerraformBasicExample 2021-06-21T19:10:00+02:00 logger.go:66: module.eks_cluster.data.aws_eks_cluster_auth.eks[0]: Reading...
TestTerraformBasicExample 2021-06-21T19:10:00+02:00 logger.go:66: module.eks_cluster.data.tls_certificate.cluster[0]: Reading...
TestTerraformBasicExample 2021-06-21T19:10:00+02:00 logger.go:66: module.eks_cluster.null_resource.wait_for_cluster[0]: Creating...
TestTerraformBasicExample 2021-06-21T19:10:00+02:00 logger.go:66: module.eks_cluster.data.aws_eks_cluster_auth.eks[0]: Read complete after 0s [id=zimagi-develop-eks-cluster]
TestTerraformBasicExample 2021-06-21T19:10:00+02:00 logger.go:66: module.eks_cluster.data.aws_eks_cluster.eks[0]: Reading...
TestTerraformBasicExample 2021-06-21T19:10:00+02:00 logger.go:66: module.eks_cluster.null_resource.wait_for_cluster[0]: Provisioning with 'local-exec'...
TestTerraformBasicExample 2021-06-21T19:10:00+02:00 logger.go:66: module.eks_cluster.null_resource.wait_for_cluster[0] (local-exec): Executing: ["/bin/sh" "-c" "curl --silent --fail --retry 60 --retry-delay 5 --retry-connrefused --insecure --output /dev/null $ENDPOINT/healthz"]
TestTerraformBasicExample 2021-06-21T19:10:01+02:00 logger.go:66: module.eks_cluster.data.aws_eks_cluster.eks[0]: Read complete after 0s [id=zimagi-develop-eks-cluster]
TestTerraformBasicExample 2021-06-21T19:10:01+02:00 logger.go:66: module.eks_cluster.data.tls_certificate.cluster[0]: Read complete after 0s [id=2021-06-21 17:10:01.257901456 +0000 UTC]
TestTerraformBasicExample 2021-06-21T19:10:01+02:00 logger.go:66: module.eks_cluster.aws_iam_openid_connect_provider.default[0]: Creating...
TestTerraformBasicExample 2021-06-21T19:10:03+02:00 logger.go:66: module.eks_cluster.aws_iam_openid_connect_provider.default[0]: Creation complete after 2s [id=arn:aws:iam::963806398799:oidc-provider/oidc.eks.us-east-2.amazonaws.com/id/0CC2E0EFAFB86A99088290248B056105]
TestTerraformBasicExample 2021-06-21T19:10:10+02:00 logger.go:66: module.eks_cluster.null_resource.wait_for_cluster[0]: Still creating... [10s elapsed]
TestTerraformBasicExample 2021-06-21T19:10:20+02:00 logger.go:66: module.eks_cluster.null_resource.wait_for_cluster[0]: Still creating... [20s elapsed]
TestTerraformBasicExample 2021-06-21T19:10:30+02:00 logger.go:66: module.eks_cluster.null_resource.wait_for_cluster[0]: Still creating... [30s elapsed]
TestTerraformBasicExample 2021-06-21T19:10:40+02:00 logger.go:66: module.eks_cluster.null_resource.wait_for_cluster[0]: Still creating... [40s elapsed]
TestTerraformBasicExample 2021-06-21T19:10:50+02:00 logger.go:66: module.eks_cluster.null_resource.wait_for_cluster[0]: Still creating... [50s elapsed]
TestTerraformBasicExample 2021-06-21T19:11:00+02:00 logger.go:66: module.eks_cluster.null_resource.wait_for_cluster[0]: Still creating... [1m0s elapsed]
TestTerraformBasicExample 2021-06-21T19:11:10+02:00 logger.go:66: module.eks_cluster.null_resource.wait_for_cluster[0]: Still creating... [1m10s elapsed]
TestTerraformBasicExample 2021-06-21T19:11:20+02:00 logger.go:66: module.eks_cluster.null_resource.wait_for_cluster[0]: Still creating... [1m20s elapsed]
TestTerraformBasicExample 2021-06-21T19:11:30+02:00 logger.go:66: module.eks_cluster.null_resource.wait_for_cluster[0]: Still creating... [1m30s elapsed]
TestTerraformBasicExample 2021-06-21T19:11:40+02:00 logger.go:66: module.eks_cluster.null_resource.wait_for_cluster[0]: Still creating... [1m40s elapsed]
TestTerraformBasicExample 2021-06-21T19:11:50+02:00 logger.go:66: module.eks_cluster.null_resource.wait_for_cluster[0]: Still creating... [1m50s elapsed]
TestTerraformBasicExample 2021-06-21T19:12:00+02:00 logger.go:66: module.eks_cluster.null_resource.wait_for_cluster[0]: Still creating... [2m0s elapsed]
TestTerraformBasicExample 2021-06-21T19:12:10+02:00 logger.go:66: module.eks_cluster.null_resource.wait_for_cluster[0]: Still creating... [2m10s elapsed]
TestTerraformBasicExample 2021-06-21T19:12:20+02:00 logger.go:66: module.eks_cluster.null_resource.wait_for_cluster[0]: Still creating... [2m20s elapsed]
TestTerraformBasicExample 2021-06-21T19:12:30+02:00 logger.go:66: module.eks_cluster.null_resource.wait_for_cluster[0]: Still creating... [2m30s elapsed]
TestTerraformBasicExample 2021-06-21T19:12:40+02:00 logger.go:66: module.eks_cluster.null_resource.wait_for_cluster[0]: Still creating... [2m40s elapsed]
TestTerraformBasicExample 2021-06-21T19:12:50+02:00 logger.go:66: module.eks_cluster.null_resource.wait_for_cluster[0]: Still creating... [2m50s elapsed]
TestTerraformBasicExample 2021-06-21T19:13:00+02:00 logger.go:66: module.eks_cluster.null_resource.wait_for_cluster[0]: Still creating... [3m0s elapsed]
TestTerraformBasicExample 2021-06-21T19:13:10+02:00 logger.go:66: module.eks_cluster.null_resource.wait_for_cluster[0]: Still creating... [3m10s elapsed]
TestTerraformBasicExample 2021-06-21T19:13:20+02:00 logger.go:66: module.eks_cluster.null_resource.wait_for_cluster[0]: Still creating... [3m20s elapsed]
TestTerraformBasicExample 2021-06-21T19:13:30+02:00 logger.go:66: module.eks_cluster.null_resource.wait_for_cluster[0]: Still creating... [3m30s elapsed]
TestTerraformBasicExample 2021-06-21T19:13:40+02:00 logger.go:66: module.eks_cluster.null_resource.wait_for_cluster[0]: Still creating... [3m40s elapsed]
TestTerraformBasicExample 2021-06-21T19:13:40+02:00 logger.go:66: module.eks_cluster.null_resource.wait_for_cluster[0]: Creation complete after 3m40s [id=6994241062302104847]
TestTerraformBasicExample 2021-06-21T19:13:40+02:00 logger.go:66: module.eks_cluster.kubernetes_config_map.aws_auth_ignore_changes[0]: Creating...
TestTerraformBasicExample 2021-06-21T19:13:42+02:00 logger.go:66: module.eks_cluster.kubernetes_config_map.aws_auth_ignore_changes[0]: Creation complete after 1s [id=kube-system/aws-auth]
TestTerraformBasicExample 2021-06-21T19:13:42+02:00 logger.go:66: data.null_data_source.wait_for_cluster_and_kubernetes_configmap: Reading...
TestTerraformBasicExample 2021-06-21T19:13:42+02:00 logger.go:66: data.null_data_source.wait_for_cluster_and_kubernetes_configmap: Read complete after 0s [id=static]
TestTerraformBasicExample 2021-06-21T19:13:42+02:00 logger.go:66: module.eks_workers.aws_launch_template.default[0]: Creating...
TestTerraformBasicExample 2021-06-21T19:13:45+02:00 logger.go:66: module.eks_workers.aws_launch_template.default[0]: Creation complete after 3s [id=lt-0f4b2f4abaa378999]
TestTerraformBasicExample 2021-06-21T19:13:45+02:00 logger.go:66: module.eks_workers.aws_eks_node_group.default[0]: Creating...
TestTerraformBasicExample 2021-06-21T19:13:55+02:00 logger.go:66: module.eks_workers.aws_eks_node_group.default[0]: Still creating... [10s elapsed]
TestTerraformBasicExample 2021-06-21T19:14:05+02:00 logger.go:66: module.eks_workers.aws_eks_node_group.default[0]: Still creating... [20s elapsed]
TestTerraformBasicExample 2021-06-21T19:14:15+02:00 logger.go:66: module.eks_workers.aws_eks_node_group.default[0]: Still creating... [30s elapsed]
TestTerraformBasicExample 2021-06-21T19:14:25+02:00 logger.go:66: module.eks_workers.aws_eks_node_group.default[0]: Still creating... [40s elapsed]
TestTerraformBasicExample 2021-06-21T19:14:35+02:00 logger.go:66: module.eks_workers.aws_eks_node_group.default[0]: Still creating... [50s elapsed]
TestTerraformBasicExample 2021-06-21T19:14:45+02:00 logger.go:66: module.eks_workers.aws_eks_node_group.default[0]: Still creating... [1m0s elapsed]
TestTerraformBasicExample 2021-06-21T19:14:55+02:00 logger.go:66: module.eks_workers.aws_eks_node_group.default[0]: Still creating... [1m10s elapsed]
TestTerraformBasicExample 2021-06-21T19:15:05+02:00 logger.go:66: module.eks_workers.aws_eks_node_group.default[0]: Still creating... [1m20s elapsed]
TestTerraformBasicExample 2021-06-21T19:15:15+02:00 logger.go:66: module.eks_workers.aws_eks_node_group.default[0]: Still creating... [1m30s elapsed]
TestTerraformBasicExample 2021-06-21T19:15:17+02:00 logger.go:66: module.eks_workers.aws_eks_node_group.default[0]: Creation complete after 1m32s [id=zimagi-develop-eks-cluster:zimagi-develop-eks-workers]
TestTerraformBasicExample 2021-06-21T19:15:17+02:00 logger.go:66: 
TestTerraformBasicExample 2021-06-21T19:15:17+02:00 logger.go:66: Warning: Deprecated Resource
TestTerraformBasicExample 2021-06-21T19:15:17+02:00 logger.go:66: 
TestTerraformBasicExample 2021-06-21T19:15:17+02:00 logger.go:66:   with data.null_data_source.wait_for_cluster_and_kubernetes_configmap,
TestTerraformBasicExample 2021-06-21T19:15:17+02:00 logger.go:66:   on main.tf line 96, in data "null_data_source" "wait_for_cluster_and_kubernetes_configmap":
TestTerraformBasicExample 2021-06-21T19:15:17+02:00 logger.go:66:   96: data "null_data_source" "wait_for_cluster_and_kubernetes_configmap" {
TestTerraformBasicExample 2021-06-21T19:15:17+02:00 logger.go:66: 
TestTerraformBasicExample 2021-06-21T19:15:17+02:00 logger.go:66: The null_data_source was historically used to construct intermediate values
TestTerraformBasicExample 2021-06-21T19:15:17+02:00 logger.go:66: to re-use elsewhere in configuration, the same can now be achieved using
TestTerraformBasicExample 2021-06-21T19:15:17+02:00 logger.go:66: locals
TestTerraformBasicExample 2021-06-21T19:15:17+02:00 logger.go:66: 
TestTerraformBasicExample 2021-06-21T19:15:17+02:00 logger.go:66: (and one more similar warning elsewhere)
TestTerraformBasicExample 2021-06-21T19:15:17+02:00 logger.go:66: 
TestTerraformBasicExample 2021-06-21T19:15:17+02:00 logger.go:66: Apply complete! Resources: 42 added, 0 changed, 0 destroyed.
TestTerraformBasicExample 2021-06-21T19:15:17+02:00 logger.go:66: 
TestTerraformBasicExample 2021-06-21T19:15:17+02:00 logger.go:66: Outputs:
TestTerraformBasicExample 2021-06-21T19:15:17+02:00 logger.go:66: 
TestTerraformBasicExample 2021-06-21T19:15:17+02:00 logger.go:66: eks_cluster_arn = "arn:aws:eks:us-east-2:963806398799:cluster/zimagi-develop-eks-cluster"
TestTerraformBasicExample 2021-06-21T19:15:17+02:00 logger.go:66: eks_cluster_endpoint = "https://0CC2E0EFAFB86A99088290248B056105.gr7.us-east-2.eks.amazonaws.com"
TestTerraformBasicExample 2021-06-21T19:15:17+02:00 logger.go:66: eks_cluster_id = "zimagi-develop-eks-cluster"
TestTerraformBasicExample 2021-06-21T19:15:17+02:00 logger.go:66: eks_cluster_identity_oidc_issuer = "https://oidc.eks.us-east-2.amazonaws.com/id/0CC2E0EFAFB86A99088290248B056105"
TestTerraformBasicExample 2021-06-21T19:15:17+02:00 logger.go:66: eks_cluster_managed_security_group_id = "sg-06da5d9cbecd29d5a"
TestTerraformBasicExample 2021-06-21T19:15:17+02:00 logger.go:66: eks_cluster_security_group_arn = "arn:aws:ec2:us-east-2:963806398799:security-group/sg-09d0c30bb7988c922"
TestTerraformBasicExample 2021-06-21T19:15:17+02:00 logger.go:66: eks_cluster_security_group_id = "sg-09d0c30bb7988c922"
TestTerraformBasicExample 2021-06-21T19:15:17+02:00 logger.go:66: eks_cluster_security_group_name = "zimagi-develop-eks-cluster"
TestTerraformBasicExample 2021-06-21T19:15:17+02:00 logger.go:66: eks_cluster_version = "1.19"
TestTerraformBasicExample 2021-06-21T19:15:17+02:00 logger.go:66: eks_node_group_arn = "arn:aws:eks:us-east-2:963806398799:nodegroup/zimagi-develop-eks-cluster/zimagi-develop-eks-workers/9cbd17c8-2b87-57ae-d176-b26882a7d184"
TestTerraformBasicExample 2021-06-21T19:15:17+02:00 logger.go:66: eks_node_group_id = "zimagi-develop-eks-cluster:zimagi-develop-eks-workers"
TestTerraformBasicExample 2021-06-21T19:15:17+02:00 logger.go:66: eks_node_group_resources = tolist([
TestTerraformBasicExample 2021-06-21T19:15:17+02:00 logger.go:66:   tolist([
TestTerraformBasicExample 2021-06-21T19:15:17+02:00 logger.go:66:     {
TestTerraformBasicExample 2021-06-21T19:15:17+02:00 logger.go:66:       "autoscaling_groups" = tolist([
TestTerraformBasicExample 2021-06-21T19:15:17+02:00 logger.go:66:         {
TestTerraformBasicExample 2021-06-21T19:15:17+02:00 logger.go:66:           "name" = "eks-9cbd17c8-2b87-57ae-d176-b26882a7d184"
TestTerraformBasicExample 2021-06-21T19:15:17+02:00 logger.go:66:         },
TestTerraformBasicExample 2021-06-21T19:15:17+02:00 logger.go:66:       ])
TestTerraformBasicExample 2021-06-21T19:15:17+02:00 logger.go:66:       "remote_access_security_group_id" = ""
TestTerraformBasicExample 2021-06-21T19:15:17+02:00 logger.go:66:     },
TestTerraformBasicExample 2021-06-21T19:15:17+02:00 logger.go:66:   ]),
TestTerraformBasicExample 2021-06-21T19:15:17+02:00 logger.go:66: ])
TestTerraformBasicExample 2021-06-21T19:15:17+02:00 logger.go:66: eks_node_group_role_arn = "arn:aws:iam::963806398799:role/zimagi-develop-eks-workers"
TestTerraformBasicExample 2021-06-21T19:15:17+02:00 logger.go:66: eks_node_group_role_name = "zimagi-develop-eks-workers"
TestTerraformBasicExample 2021-06-21T19:15:17+02:00 logger.go:66: eks_node_group_status = "ACTIVE"
TestTerraformBasicExample 2021-06-21T19:15:17+02:00 logger.go:66: private_subnet_cidrs = [
TestTerraformBasicExample 2021-06-21T19:15:17+02:00 logger.go:66:   "172.16.0.0/19",
TestTerraformBasicExample 2021-06-21T19:15:17+02:00 logger.go:66:   "172.16.32.0/19",
TestTerraformBasicExample 2021-06-21T19:15:17+02:00 logger.go:66: ]
TestTerraformBasicExample 2021-06-21T19:15:17+02:00 logger.go:66: public_subnet_cidrs = [
TestTerraformBasicExample 2021-06-21T19:15:17+02:00 logger.go:66:   "172.16.96.0/19",
TestTerraformBasicExample 2021-06-21T19:15:17+02:00 logger.go:66:   "172.16.128.0/19",
TestTerraformBasicExample 2021-06-21T19:15:17+02:00 logger.go:66: ]
TestTerraformBasicExample 2021-06-21T19:15:17+02:00 logger.go:66: vpc_cidr = "172.16.0.0/16"
TestTerraformBasicExample 2021-06-21T19:15:17+02:00 retry.go:91: terraform [destroy -auto-approve -input=false -var-file examples/basic/fixtures.tfvars -lock=false -no-color]
TestTerraformBasicExample 2021-06-21T19:15:17+02:00 logger.go:66: Running command terraform with args [destroy -auto-approve -input=false -var-file examples/basic/fixtures.tfvars -lock=false -no-color]
TestTerraformBasicExample 2021-06-21T19:15:29+02:00 logger.go:66: module.subnets.aws_eip.default[0]: Refreshing state... [id=eipalloc-0ff7e2a9d31b7a6d9]
TestTerraformBasicExample 2021-06-21T19:15:29+02:00 logger.go:66: module.subnets.aws_eip.default[1]: Refreshing state... [id=eipalloc-0d42786bb485a7771]
TestTerraformBasicExample 2021-06-21T19:15:29+02:00 logger.go:66: module.vpc.aws_vpc.default[0]: Refreshing state... [id=vpc-03154c24cfe563183]
TestTerraformBasicExample 2021-06-21T19:15:29+02:00 logger.go:66: module.eks_cluster.aws_cloudwatch_log_group.default[0]: Refreshing state... [id=/aws/eks/zimagi-develop-eks-cluster/cluster]
TestTerraformBasicExample 2021-06-21T19:15:29+02:00 logger.go:66: module.eks_cluster.aws_kms_key.cluster[0]: Refreshing state... [id=cfb949d5-5883-420f-a3c8-ea070104aec6]
TestTerraformBasicExample 2021-06-21T19:15:29+02:00 logger.go:66: module.eks_cluster.aws_iam_role.default[0]: Refreshing state... [id=zimagi-develop-eks-cluster]
TestTerraformBasicExample 2021-06-21T19:15:29+02:00 logger.go:66: module.eks_workers.aws_iam_role.default[0]: Refreshing state... [id=zimagi-develop-eks-workers]
TestTerraformBasicExample 2021-06-21T19:15:32+02:00 logger.go:66: module.eks_cluster.aws_kms_alias.cluster[0]: Refreshing state... [id=alias/zimagi-develop-eks-cluster]
TestTerraformBasicExample 2021-06-21T19:15:32+02:00 logger.go:66: module.eks_workers.aws_iam_role_policy_attachment.amazon_eks_cni_policy[0]: Refreshing state... [id=zimagi-develop-eks-workers-20210621165913618700000002]
TestTerraformBasicExample 2021-06-21T19:15:32+02:00 logger.go:66: module.eks_workers.aws_iam_role_policy_attachment.amazon_ec2_container_registry_read_only[0]: Refreshing state... [id=zimagi-develop-eks-workers-20210621165913613600000001]
TestTerraformBasicExample 2021-06-21T19:15:32+02:00 logger.go:66: module.eks_workers.aws_iam_role_policy_attachment.amazon_eks_worker_node_policy[0]: Refreshing state... [id=zimagi-develop-eks-workers-20210621165913637500000005]
TestTerraformBasicExample 2021-06-21T19:15:32+02:00 logger.go:66: module.eks_cluster.aws_iam_role_policy_attachment.amazon_eks_cluster_policy[0]: Refreshing state... [id=zimagi-develop-eks-cluster-20210621165913629400000003]
TestTerraformBasicExample 2021-06-21T19:15:32+02:00 logger.go:66: module.eks_cluster.aws_iam_role_policy_attachment.amazon_eks_service_policy[0]: Refreshing state... [id=zimagi-develop-eks-cluster-20210621165913635900000004]
TestTerraformBasicExample 2021-06-21T19:15:32+02:00 logger.go:66: module.eks_cluster.aws_iam_role_policy.cluster_elb_service_role[0]: Refreshing state... [id=zimagi-develop-eks-cluster:zimagi-develop-eks-cluster]
TestTerraformBasicExample 2021-06-21T19:15:36+02:00 logger.go:66: module.vpc.aws_internet_gateway.default[0]: Refreshing state... [id=igw-0145be76ea005e380]
TestTerraformBasicExample 2021-06-21T19:15:36+02:00 logger.go:66: module.vpc.aws_default_security_group.default[0]: Refreshing state... [id=sg-03c21da1863984f4c]
TestTerraformBasicExample 2021-06-21T19:15:36+02:00 logger.go:66: module.eks_cluster.module.security_group.aws_security_group.default[0]: Refreshing state... [id=sg-09d0c30bb7988c922]
TestTerraformBasicExample 2021-06-21T19:15:37+02:00 logger.go:66: module.eks_cluster.module.security_group.aws_security_group_rule.default["egress--1-0-65535-9c87e5e1ed040a443ce1ac8e6d6cf159"]: Refreshing state... [id=sgrule-2621663839]
TestTerraformBasicExample 2021-06-21T19:15:39+02:00 logger.go:66: module.subnets.aws_subnet.private[1]: Refreshing state... [id=subnet-0ddd32d715a3298d1]
TestTerraformBasicExample 2021-06-21T19:15:39+02:00 logger.go:66: module.subnets.aws_subnet.private[0]: Refreshing state... [id=subnet-066ca524612cae113]
TestTerraformBasicExample 2021-06-21T19:15:39+02:00 logger.go:66: module.subnets.aws_route_table.public[0]: Refreshing state... [id=rtb-0621236b416a315f6]
TestTerraformBasicExample 2021-06-21T19:15:39+02:00 logger.go:66: module.subnets.aws_route_table.private[1]: Refreshing state... [id=rtb-098823f4a7276c13a]
TestTerraformBasicExample 2021-06-21T19:15:39+02:00 logger.go:66: module.subnets.aws_subnet.public[0]: Refreshing state... [id=subnet-002cb838d1226f36b]
TestTerraformBasicExample 2021-06-21T19:15:39+02:00 logger.go:66: module.subnets.aws_route_table.private[0]: Refreshing state... [id=rtb-0ea4cca1fc5bfde15]
TestTerraformBasicExample 2021-06-21T19:15:39+02:00 logger.go:66: module.subnets.aws_subnet.public[1]: Refreshing state... [id=subnet-0ed1c056b2c587d01]
TestTerraformBasicExample 2021-06-21T19:15:41+02:00 logger.go:66: module.subnets.aws_network_acl.private[0]: Refreshing state... [id=acl-09030ef0667373e1c]
TestTerraformBasicExample 2021-06-21T19:15:41+02:00 logger.go:66: module.subnets.aws_route_table_association.private[0]: Refreshing state... [id=rtbassoc-07deee4d970acdfc0]
TestTerraformBasicExample 2021-06-21T19:15:41+02:00 logger.go:66: module.subnets.aws_route_table_association.private[1]: Refreshing state... [id=rtbassoc-07b16b05201e16876]
TestTerraformBasicExample 2021-06-21T19:15:41+02:00 logger.go:66: module.subnets.aws_route.public[0]: Refreshing state... [id=r-rtb-0621236b416a315f61080289494]
TestTerraformBasicExample 2021-06-21T19:15:41+02:00 logger.go:66: module.subnets.aws_network_acl.public[0]: Refreshing state... [id=acl-064a3130648d74f9f]
TestTerraformBasicExample 2021-06-21T19:15:41+02:00 logger.go:66: module.subnets.aws_nat_gateway.default[0]: Refreshing state... [id=nat-060d37a844ce47501]
TestTerraformBasicExample 2021-06-21T19:15:41+02:00 logger.go:66: module.subnets.aws_nat_gateway.default[1]: Refreshing state... [id=nat-076d6050b82c799e3]
TestTerraformBasicExample 2021-06-21T19:15:41+02:00 logger.go:66: module.subnets.aws_route_table_association.public[1]: Refreshing state... [id=rtbassoc-071b3ebf9c3056d9f]
TestTerraformBasicExample 2021-06-21T19:15:41+02:00 logger.go:66: module.subnets.aws_route_table_association.public[0]: Refreshing state... [id=rtbassoc-067304f1a23d0556d]
TestTerraformBasicExample 2021-06-21T19:15:41+02:00 logger.go:66: module.eks_cluster.aws_eks_cluster.default[0]: Refreshing state... [id=zimagi-develop-eks-cluster]
TestTerraformBasicExample 2021-06-21T19:15:42+02:00 logger.go:66: module.subnets.aws_route.default[0]: Refreshing state... [id=r-rtb-0ea4cca1fc5bfde151080289494]
TestTerraformBasicExample 2021-06-21T19:15:42+02:00 logger.go:66: module.subnets.aws_route.default[1]: Refreshing state... [id=r-rtb-098823f4a7276c13a1080289494]
TestTerraformBasicExample 2021-06-21T19:15:42+02:00 logger.go:66: module.eks_cluster.null_resource.wait_for_cluster[0]: Refreshing state... [id=6994241062302104847]
TestTerraformBasicExample 2021-06-21T19:15:42+02:00 logger.go:66: module.eks_cluster.aws_iam_openid_connect_provider.default[0]: Refreshing state... [id=arn:aws:iam::963806398799:oidc-provider/oidc.eks.us-east-2.amazonaws.com/id/0CC2E0EFAFB86A99088290248B056105]
TestTerraformBasicExample 2021-06-21T19:15:43+02:00 logger.go:66: module.eks_cluster.kubernetes_config_map.aws_auth_ignore_changes[0]: Refreshing state... [id=kube-system/aws-auth]
TestTerraformBasicExample 2021-06-21T19:15:44+02:00 logger.go:66: module.eks_workers.aws_launch_template.default[0]: Refreshing state... [id=lt-0f4b2f4abaa378999]
TestTerraformBasicExample 2021-06-21T19:15:50+02:00 logger.go:66: module.eks_workers.aws_eks_node_group.default[0]: Refreshing state... [id=zimagi-develop-eks-cluster:zimagi-develop-eks-workers]
TestTerraformBasicExample 2021-06-21T19:15:58+02:00 logger.go:66: module.subnets.aws_route_table_association.public[0]: Destroying... [id=rtbassoc-067304f1a23d0556d]
TestTerraformBasicExample 2021-06-21T19:15:58+02:00 logger.go:66: module.subnets.aws_route_table_association.private[0]: Destroying... [id=rtbassoc-07deee4d970acdfc0]
TestTerraformBasicExample 2021-06-21T19:15:58+02:00 logger.go:66: module.eks_cluster.aws_iam_role_policy.cluster_elb_service_role[0]: Destroying... [id=zimagi-develop-eks-cluster:zimagi-develop-eks-cluster]
TestTerraformBasicExample 2021-06-21T19:15:58+02:00 logger.go:66: module.vpc.aws_default_security_group.default[0]: Destroying... [id=sg-03c21da1863984f4c]
TestTerraformBasicExample 2021-06-21T19:15:58+02:00 logger.go:66: module.subnets.aws_route.default[0]: Destroying... [id=r-rtb-0ea4cca1fc5bfde151080289494]
TestTerraformBasicExample 2021-06-21T19:15:58+02:00 logger.go:66: module.subnets.aws_route_table_association.private[1]: Destroying... [id=rtbassoc-07b16b05201e16876]
TestTerraformBasicExample 2021-06-21T19:15:58+02:00 logger.go:66: module.eks_workers.aws_eks_node_group.default[0]: Destroying... [id=zimagi-develop-eks-cluster:zimagi-develop-eks-workers]
TestTerraformBasicExample 2021-06-21T19:15:58+02:00 logger.go:66: module.eks_cluster.aws_iam_openid_connect_provider.default[0]: Destroying... [id=arn:aws:iam::963806398799:oidc-provider/oidc.eks.us-east-2.amazonaws.com/id/0CC2E0EFAFB86A99088290248B056105]
TestTerraformBasicExample 2021-06-21T19:15:58+02:00 logger.go:66: module.subnets.aws_route.public[0]: Destroying... [id=r-rtb-0621236b416a315f61080289494]
TestTerraformBasicExample 2021-06-21T19:15:58+02:00 logger.go:66: module.subnets.aws_network_acl.public[0]: Destroying... [id=acl-064a3130648d74f9f]
TestTerraformBasicExample 2021-06-21T19:15:58+02:00 logger.go:66: module.vpc.aws_default_security_group.default[0]: Destruction complete after 0s
TestTerraformBasicExample 2021-06-21T19:15:58+02:00 logger.go:66: module.subnets.aws_route_table_association.public[1]: Destroying... [id=rtbassoc-071b3ebf9c3056d9f]
TestTerraformBasicExample 2021-06-21T19:15:59+02:00 logger.go:66: module.eks_cluster.aws_iam_role_policy.cluster_elb_service_role[0]: Destruction complete after 0s
TestTerraformBasicExample 2021-06-21T19:15:59+02:00 logger.go:66: module.eks_cluster.aws_iam_openid_connect_provider.default[0]: Destruction complete after 0s
TestTerraformBasicExample 2021-06-21T19:15:59+02:00 logger.go:66: module.subnets.aws_route_table_association.public[0]: Destruction complete after 0s
TestTerraformBasicExample 2021-06-21T19:15:59+02:00 logger.go:66: module.subnets.aws_route.default[0]: Destruction complete after 0s
TestTerraformBasicExample 2021-06-21T19:15:59+02:00 logger.go:66: module.subnets.aws_route_table_association.private[0]: Destruction complete after 0s
TestTerraformBasicExample 2021-06-21T19:15:59+02:00 logger.go:66: module.subnets.aws_route_table_association.private[1]: Destruction complete after 0s
TestTerraformBasicExample 2021-06-21T19:15:59+02:00 logger.go:66: module.subnets.aws_route.public[0]: Destruction complete after 0s
TestTerraformBasicExample 2021-06-21T19:15:59+02:00 logger.go:66: module.subnets.aws_route.default[1]: Destroying... [id=r-rtb-098823f4a7276c13a1080289494]
TestTerraformBasicExample 2021-06-21T19:15:59+02:00 logger.go:66: module.eks_cluster.aws_kms_alias.cluster[0]: Destroying... [id=alias/zimagi-develop-eks-cluster]
TestTerraformBasicExample 2021-06-21T19:15:59+02:00 logger.go:66: module.subnets.aws_network_acl.private[0]: Destroying... [id=acl-09030ef0667373e1c]
TestTerraformBasicExample 2021-06-21T19:15:59+02:00 logger.go:66: module.subnets.aws_route_table_association.public[1]: Destruction complete after 1s
TestTerraformBasicExample 2021-06-21T19:15:59+02:00 logger.go:66: module.vpc.aws_internet_gateway.default[0]: Destroying... [id=igw-0145be76ea005e380]
TestTerraformBasicExample 2021-06-21T19:15:59+02:00 logger.go:66: module.subnets.aws_route_table.public[0]: Destroying... [id=rtb-0621236b416a315f6]
TestTerraformBasicExample 2021-06-21T19:16:00+02:00 logger.go:66: module.eks_cluster.aws_kms_alias.cluster[0]: Destruction complete after 1s
TestTerraformBasicExample 2021-06-21T19:16:00+02:00 logger.go:66: module.subnets.aws_route.default[1]: Destruction complete after 1s
TestTerraformBasicExample 2021-06-21T19:16:00+02:00 logger.go:66: module.subnets.aws_route_table.private[1]: Destroying... [id=rtb-098823f4a7276c13a]
TestTerraformBasicExample 2021-06-21T19:16:00+02:00 logger.go:66: module.subnets.aws_nat_gateway.default[0]: Destroying... [id=nat-060d37a844ce47501]
TestTerraformBasicExample 2021-06-21T19:16:00+02:00 logger.go:66: module.subnets.aws_nat_gateway.default[1]: Destroying... [id=nat-076d6050b82c799e3]
TestTerraformBasicExample 2021-06-21T19:16:00+02:00 logger.go:66: module.subnets.aws_route_table.private[0]: Destroying... [id=rtb-0ea4cca1fc5bfde15]
TestTerraformBasicExample 2021-06-21T19:16:01+02:00 logger.go:66: module.subnets.aws_route_table.public[0]: Destruction complete after 1s
TestTerraformBasicExample 2021-06-21T19:16:01+02:00 logger.go:66: module.subnets.aws_route_table.private[0]: Destruction complete after 2s
TestTerraformBasicExample 2021-06-21T19:16:02+02:00 logger.go:66: module.subnets.aws_route_table.private[1]: Destruction complete after 2s
TestTerraformBasicExample 2021-06-21T19:16:04+02:00 logger.go:66: module.subnets.aws_network_acl.public[0]: Destruction complete after 5s
TestTerraformBasicExample 2021-06-21T19:16:04+02:00 logger.go:66: module.subnets.aws_network_acl.private[0]: Destruction complete after 6s
TestTerraformBasicExample 2021-06-21T19:16:08+02:00 logger.go:66: module.eks_workers.aws_eks_node_group.default[0]: Still destroying... [id=zimagi-develop-eks-cluster:zimagi-develop-eks-workers, 10s elapsed]
TestTerraformBasicExample 2021-06-21T19:16:09+02:00 logger.go:66: module.vpc.aws_internet_gateway.default[0]: Still destroying... [id=igw-0145be76ea005e380, 10s elapsed]
TestTerraformBasicExample 2021-06-21T19:16:10+02:00 logger.go:66: module.subnets.aws_nat_gateway.default[0]: Still destroying... [id=nat-060d37a844ce47501, 10s elapsed]
TestTerraformBasicExample 2021-06-21T19:16:10+02:00 logger.go:66: module.subnets.aws_nat_gateway.default[1]: Still destroying... [id=nat-076d6050b82c799e3, 10s elapsed]
TestTerraformBasicExample 2021-06-21T19:16:18+02:00 logger.go:66: module.eks_workers.aws_eks_node_group.default[0]: Still destroying... [id=zimagi-develop-eks-cluster:zimagi-develop-eks-workers, 20s elapsed]
TestTerraformBasicExample 2021-06-21T19:16:19+02:00 logger.go:66: module.vpc.aws_internet_gateway.default[0]: Still destroying... [id=igw-0145be76ea005e380, 20s elapsed]
TestTerraformBasicExample 2021-06-21T19:16:20+02:00 logger.go:66: module.subnets.aws_nat_gateway.default[0]: Still destroying... [id=nat-060d37a844ce47501, 20s elapsed]
TestTerraformBasicExample 2021-06-21T19:16:20+02:00 logger.go:66: module.subnets.aws_nat_gateway.default[1]: Still destroying... [id=nat-076d6050b82c799e3, 20s elapsed]
TestTerraformBasicExample 2021-06-21T19:16:28+02:00 logger.go:66: module.eks_workers.aws_eks_node_group.default[0]: Still destroying... [id=zimagi-develop-eks-cluster:zimagi-develop-eks-workers, 30s elapsed]
TestTerraformBasicExample 2021-06-21T19:16:29+02:00 logger.go:66: module.vpc.aws_internet_gateway.default[0]: Still destroying... [id=igw-0145be76ea005e380, 30s elapsed]
TestTerraformBasicExample 2021-06-21T19:16:30+02:00 logger.go:66: module.subnets.aws_nat_gateway.default[0]: Still destroying... [id=nat-060d37a844ce47501, 30s elapsed]
TestTerraformBasicExample 2021-06-21T19:16:30+02:00 logger.go:66: module.subnets.aws_nat_gateway.default[1]: Still destroying... [id=nat-076d6050b82c799e3, 30s elapsed]
TestTerraformBasicExample 2021-06-21T19:16:38+02:00 logger.go:66: module.eks_workers.aws_eks_node_group.default[0]: Still destroying... [id=zimagi-develop-eks-cluster:zimagi-develop-eks-workers, 40s elapsed]
TestTerraformBasicExample 2021-06-21T19:16:39+02:00 logger.go:66: module.vpc.aws_internet_gateway.default[0]: Still destroying... [id=igw-0145be76ea005e380, 40s elapsed]
TestTerraformBasicExample 2021-06-21T19:16:40+02:00 logger.go:66: module.subnets.aws_nat_gateway.default[1]: Still destroying... [id=nat-076d6050b82c799e3, 40s elapsed]
TestTerraformBasicExample 2021-06-21T19:16:40+02:00 logger.go:66: module.subnets.aws_nat_gateway.default[0]: Still destroying... [id=nat-060d37a844ce47501, 40s elapsed]
TestTerraformBasicExample 2021-06-21T19:16:45+02:00 logger.go:66: module.subnets.aws_nat_gateway.default[1]: Destruction complete after 46s
TestTerraformBasicExample 2021-06-21T19:16:48+02:00 logger.go:66: module.eks_workers.aws_eks_node_group.default[0]: Still destroying... [id=zimagi-develop-eks-cluster:zimagi-develop-eks-workers, 50s elapsed]
TestTerraformBasicExample 2021-06-21T19:16:49+02:00 logger.go:66: module.vpc.aws_internet_gateway.default[0]: Still destroying... [id=igw-0145be76ea005e380, 50s elapsed]
TestTerraformBasicExample 2021-06-21T19:16:50+02:00 logger.go:66: module.subnets.aws_nat_gateway.default[0]: Still destroying... [id=nat-060d37a844ce47501, 50s elapsed]
TestTerraformBasicExample 2021-06-21T19:16:58+02:00 logger.go:66: module.eks_workers.aws_eks_node_group.default[0]: Still destroying... [id=zimagi-develop-eks-cluster:zimagi-develop-eks-workers, 1m0s elapsed]
TestTerraformBasicExample 2021-06-21T19:16:59+02:00 logger.go:66: module.vpc.aws_internet_gateway.default[0]: Still destroying... [id=igw-0145be76ea005e380, 1m0s elapsed]
TestTerraformBasicExample 2021-06-21T19:17:00+02:00 logger.go:66: module.subnets.aws_nat_gateway.default[0]: Still destroying... [id=nat-060d37a844ce47501, 1m0s elapsed]
TestTerraformBasicExample 2021-06-21T19:17:08+02:00 logger.go:66: module.eks_workers.aws_eks_node_group.default[0]: Still destroying... [id=zimagi-develop-eks-cluster:zimagi-develop-eks-workers, 1m10s elapsed]
TestTerraformBasicExample 2021-06-21T19:17:09+02:00 logger.go:66: module.vpc.aws_internet_gateway.default[0]: Still destroying... [id=igw-0145be76ea005e380, 1m10s elapsed]
TestTerraformBasicExample 2021-06-21T19:17:10+02:00 logger.go:66: module.subnets.aws_nat_gateway.default[0]: Still destroying... [id=nat-060d37a844ce47501, 1m10s elapsed]
TestTerraformBasicExample 2021-06-21T19:17:12+02:00 logger.go:66: module.subnets.aws_nat_gateway.default[0]: Destruction complete after 1m13s
TestTerraformBasicExample 2021-06-21T19:17:12+02:00 logger.go:66: module.subnets.aws_eip.default[0]: Destroying... [id=eipalloc-0ff7e2a9d31b7a6d9]
TestTerraformBasicExample 2021-06-21T19:17:12+02:00 logger.go:66: module.subnets.aws_eip.default[1]: Destroying... [id=eipalloc-0d42786bb485a7771]
TestTerraformBasicExample 2021-06-21T19:17:14+02:00 logger.go:66: module.vpc.aws_internet_gateway.default[0]: Destruction complete after 1m14s
TestTerraformBasicExample 2021-06-21T19:17:15+02:00 logger.go:66: module.subnets.aws_eip.default[1]: Destruction complete after 3s
TestTerraformBasicExample 2021-06-21T19:17:15+02:00 logger.go:66: module.subnets.aws_eip.default[0]: Destruction complete after 3s
TestTerraformBasicExample 2021-06-21T19:17:18+02:00 logger.go:66: module.eks_workers.aws_eks_node_group.default[0]: Still destroying... [id=zimagi-develop-eks-cluster:zimagi-develop-eks-workers, 1m20s elapsed]
TestTerraformBasicExample 2021-06-21T19:17:28+02:00 logger.go:66: module.eks_workers.aws_eks_node_group.default[0]: Still destroying... [id=zimagi-develop-eks-cluster:zimagi-develop-eks-workers, 1m30s elapsed]
TestTerraformBasicExample 2021-06-21T19:17:38+02:00 logger.go:66: module.eks_workers.aws_eks_node_group.default[0]: Still destroying... [id=zimagi-develop-eks-cluster:zimagi-develop-eks-workers, 1m40s elapsed]
TestTerraformBasicExample 2021-06-21T19:17:48+02:00 logger.go:66: module.eks_workers.aws_eks_node_group.default[0]: Still destroying... [id=zimagi-develop-eks-cluster:zimagi-develop-eks-workers, 1m50s elapsed]
TestTerraformBasicExample 2021-06-21T19:17:58+02:00 logger.go:66: module.eks_workers.aws_eks_node_group.default[0]: Still destroying... [id=zimagi-develop-eks-cluster:zimagi-develop-eks-workers, 2m0s elapsed]
TestTerraformBasicExample 2021-06-21T19:18:08+02:00 logger.go:66: module.eks_workers.aws_eks_node_group.default[0]: Still destroying... [id=zimagi-develop-eks-cluster:zimagi-develop-eks-workers, 2m10s elapsed]
TestTerraformBasicExample 2021-06-21T19:18:18+02:00 logger.go:66: module.eks_workers.aws_eks_node_group.default[0]: Still destroying... [id=zimagi-develop-eks-cluster:zimagi-develop-eks-workers, 2m20s elapsed]
TestTerraformBasicExample 2021-06-21T19:18:28+02:00 logger.go:66: module.eks_workers.aws_eks_node_group.default[0]: Still destroying... [id=zimagi-develop-eks-cluster:zimagi-develop-eks-workers, 2m30s elapsed]
TestTerraformBasicExample 2021-06-21T19:18:38+02:00 logger.go:66: module.eks_workers.aws_eks_node_group.default[0]: Still destroying... [id=zimagi-develop-eks-cluster:zimagi-develop-eks-workers, 2m40s elapsed]
TestTerraformBasicExample 2021-06-21T19:18:48+02:00 logger.go:66: module.eks_workers.aws_eks_node_group.default[0]: Still destroying... [id=zimagi-develop-eks-cluster:zimagi-develop-eks-workers, 2m50s elapsed]
TestTerraformBasicExample 2021-06-21T19:18:58+02:00 logger.go:66: module.eks_workers.aws_eks_node_group.default[0]: Still destroying... [id=zimagi-develop-eks-cluster:zimagi-develop-eks-workers, 3m0s elapsed]
TestTerraformBasicExample 2021-06-21T19:19:08+02:00 logger.go:66: module.eks_workers.aws_eks_node_group.default[0]: Still destroying... [id=zimagi-develop-eks-cluster:zimagi-develop-eks-workers, 3m10s elapsed]
TestTerraformBasicExample 2021-06-21T19:19:18+02:00 logger.go:66: module.eks_workers.aws_eks_node_group.default[0]: Still destroying... [id=zimagi-develop-eks-cluster:zimagi-develop-eks-workers, 3m20s elapsed]
TestTerraformBasicExample 2021-06-21T19:19:28+02:00 logger.go:66: module.eks_workers.aws_eks_node_group.default[0]: Still destroying... [id=zimagi-develop-eks-cluster:zimagi-develop-eks-workers, 3m30s elapsed]
TestTerraformBasicExample 2021-06-21T19:19:38+02:00 logger.go:66: module.eks_workers.aws_eks_node_group.default[0]: Still destroying... [id=zimagi-develop-eks-cluster:zimagi-develop-eks-workers, 3m40s elapsed]
TestTerraformBasicExample 2021-06-21T19:19:48+02:00 logger.go:66: module.eks_workers.aws_eks_node_group.default[0]: Still destroying... [id=zimagi-develop-eks-cluster:zimagi-develop-eks-workers, 3m50s elapsed]
TestTerraformBasicExample 2021-06-21T19:19:58+02:00 logger.go:66: module.eks_workers.aws_eks_node_group.default[0]: Still destroying... [id=zimagi-develop-eks-cluster:zimagi-develop-eks-workers, 4m0s elapsed]
TestTerraformBasicExample 2021-06-21T19:20:08+02:00 logger.go:66: module.eks_workers.aws_eks_node_group.default[0]: Still destroying... [id=zimagi-develop-eks-cluster:zimagi-develop-eks-workers, 4m10s elapsed]
TestTerraformBasicExample 2021-06-21T19:20:18+02:00 logger.go:66: module.eks_workers.aws_eks_node_group.default[0]: Still destroying... [id=zimagi-develop-eks-cluster:zimagi-develop-eks-workers, 4m20s elapsed]
TestTerraformBasicExample 2021-06-21T19:20:28+02:00 logger.go:66: module.eks_workers.aws_eks_node_group.default[0]: Still destroying... [id=zimagi-develop-eks-cluster:zimagi-develop-eks-workers, 4m30s elapsed]
TestTerraformBasicExample 2021-06-21T19:20:38+02:00 logger.go:66: module.eks_workers.aws_eks_node_group.default[0]: Still destroying... [id=zimagi-develop-eks-cluster:zimagi-develop-eks-workers, 4m40s elapsed]
TestTerraformBasicExample 2021-06-21T19:20:48+02:00 logger.go:66: module.eks_workers.aws_eks_node_group.default[0]: Still destroying... [id=zimagi-develop-eks-cluster:zimagi-develop-eks-workers, 4m50s elapsed]
TestTerraformBasicExample 2021-06-21T19:20:58+02:00 logger.go:66: module.eks_workers.aws_eks_node_group.default[0]: Still destroying... [id=zimagi-develop-eks-cluster:zimagi-develop-eks-workers, 5m0s elapsed]
TestTerraformBasicExample 2021-06-21T19:21:08+02:00 logger.go:66: module.eks_workers.aws_eks_node_group.default[0]: Still destroying... [id=zimagi-develop-eks-cluster:zimagi-develop-eks-workers, 5m10s elapsed]
TestTerraformBasicExample 2021-06-21T19:21:18+02:00 logger.go:66: module.eks_workers.aws_eks_node_group.default[0]: Still destroying... [id=zimagi-develop-eks-cluster:zimagi-develop-eks-workers, 5m20s elapsed]
TestTerraformBasicExample 2021-06-21T19:21:28+02:00 logger.go:66: module.eks_workers.aws_eks_node_group.default[0]: Still destroying... [id=zimagi-develop-eks-cluster:zimagi-develop-eks-workers, 5m30s elapsed]
TestTerraformBasicExample 2021-06-21T19:21:38+02:00 logger.go:66: module.eks_workers.aws_eks_node_group.default[0]: Still destroying... [id=zimagi-develop-eks-cluster:zimagi-develop-eks-workers, 5m40s elapsed]
TestTerraformBasicExample 2021-06-21T19:21:48+02:00 logger.go:66: module.eks_workers.aws_eks_node_group.default[0]: Still destroying... [id=zimagi-develop-eks-cluster:zimagi-develop-eks-workers, 5m50s elapsed]
TestTerraformBasicExample 2021-06-21T19:21:58+02:00 logger.go:66: module.eks_workers.aws_eks_node_group.default[0]: Still destroying... [id=zimagi-develop-eks-cluster:zimagi-develop-eks-workers, 6m0s elapsed]
TestTerraformBasicExample 2021-06-21T19:22:08+02:00 logger.go:66: module.eks_workers.aws_eks_node_group.default[0]: Still destroying... [id=zimagi-develop-eks-cluster:zimagi-develop-eks-workers, 6m10s elapsed]
TestTerraformBasicExample 2021-06-21T19:22:18+02:00 logger.go:66: module.eks_workers.aws_eks_node_group.default[0]: Still destroying... [id=zimagi-develop-eks-cluster:zimagi-develop-eks-workers, 6m20s elapsed]
TestTerraformBasicExample 2021-06-21T19:22:25+02:00 logger.go:66: module.eks_workers.aws_eks_node_group.default[0]: Destruction complete after 6m26s
TestTerraformBasicExample 2021-06-21T19:22:25+02:00 logger.go:66: module.eks_workers.aws_iam_role_policy_attachment.amazon_ec2_container_registry_read_only[0]: Destroying... [id=zimagi-develop-eks-workers-20210621165913613600000001]
TestTerraformBasicExample 2021-06-21T19:22:25+02:00 logger.go:66: module.eks_workers.aws_iam_role_policy_attachment.amazon_eks_cni_policy[0]: Destroying... [id=zimagi-develop-eks-workers-20210621165913618700000002]
TestTerraformBasicExample 2021-06-21T19:22:25+02:00 logger.go:66: module.eks_workers.aws_iam_role_policy_attachment.amazon_eks_worker_node_policy[0]: Destroying... [id=zimagi-develop-eks-workers-20210621165913637500000005]
TestTerraformBasicExample 2021-06-21T19:22:25+02:00 logger.go:66: module.eks_workers.aws_launch_template.default[0]: Destroying... [id=lt-0f4b2f4abaa378999]
TestTerraformBasicExample 2021-06-21T19:22:26+02:00 logger.go:66: module.eks_workers.aws_iam_role_policy_attachment.amazon_ec2_container_registry_read_only[0]: Destruction complete after 1s
TestTerraformBasicExample 2021-06-21T19:22:26+02:00 logger.go:66: module.eks_workers.aws_iam_role_policy_attachment.amazon_eks_cni_policy[0]: Destruction complete after 1s
TestTerraformBasicExample 2021-06-21T19:22:26+02:00 logger.go:66: module.eks_workers.aws_iam_role_policy_attachment.amazon_eks_worker_node_policy[0]: Destruction complete after 1s
TestTerraformBasicExample 2021-06-21T19:22:26+02:00 logger.go:66: module.eks_workers.aws_launch_template.default[0]: Destruction complete after 1s
TestTerraformBasicExample 2021-06-21T19:22:26+02:00 logger.go:66: module.eks_cluster.kubernetes_config_map.aws_auth_ignore_changes[0]: Destroying... [id=kube-system/aws-auth]
TestTerraformBasicExample 2021-06-21T19:22:26+02:00 logger.go:66: module.eks_workers.aws_iam_role.default[0]: Destroying... [id=zimagi-develop-eks-workers]
TestTerraformBasicExample 2021-06-21T19:22:26+02:00 logger.go:66: module.eks_cluster.kubernetes_config_map.aws_auth_ignore_changes[0]: Destruction complete after 1s
TestTerraformBasicExample 2021-06-21T19:22:26+02:00 logger.go:66: module.eks_cluster.null_resource.wait_for_cluster[0]: Destroying... [id=6994241062302104847]
TestTerraformBasicExample 2021-06-21T19:22:26+02:00 logger.go:66: module.eks_cluster.null_resource.wait_for_cluster[0]: Destruction complete after 0s
TestTerraformBasicExample 2021-06-21T19:22:26+02:00 logger.go:66: module.eks_cluster.aws_eks_cluster.default[0]: Destroying... [id=zimagi-develop-eks-cluster]
TestTerraformBasicExample 2021-06-21T19:22:28+02:00 logger.go:66: module.eks_workers.aws_iam_role.default[0]: Destruction complete after 3s
TestTerraformBasicExample 2021-06-21T19:22:36+02:00 logger.go:66: module.eks_cluster.aws_eks_cluster.default[0]: Still destroying... [id=zimagi-develop-eks-cluster, 10s elapsed]
TestTerraformBasicExample 2021-06-21T19:22:46+02:00 logger.go:66: module.eks_cluster.aws_eks_cluster.default[0]: Still destroying... [id=zimagi-develop-eks-cluster, 20s elapsed]
TestTerraformBasicExample 2021-06-21T19:22:56+02:00 logger.go:66: module.eks_cluster.aws_eks_cluster.default[0]: Still destroying... [id=zimagi-develop-eks-cluster, 30s elapsed]
TestTerraformBasicExample 2021-06-21T19:23:06+02:00 logger.go:66: module.eks_cluster.aws_eks_cluster.default[0]: Still destroying... [id=zimagi-develop-eks-cluster, 40s elapsed]
TestTerraformBasicExample 2021-06-21T19:23:16+02:00 logger.go:66: module.eks_cluster.aws_eks_cluster.default[0]: Still destroying... [id=zimagi-develop-eks-cluster, 50s elapsed]
TestTerraformBasicExample 2021-06-21T19:23:26+02:00 logger.go:66: module.eks_cluster.aws_eks_cluster.default[0]: Still destroying... [id=zimagi-develop-eks-cluster, 1m0s elapsed]
TestTerraformBasicExample 2021-06-21T19:23:35+02:00 logger.go:66: module.eks_cluster.aws_eks_cluster.default[0]: Destruction complete after 1m8s
TestTerraformBasicExample 2021-06-21T19:23:35+02:00 logger.go:66: module.eks_cluster.aws_cloudwatch_log_group.default[0]: Destroying... [id=/aws/eks/zimagi-develop-eks-cluster/cluster]
TestTerraformBasicExample 2021-06-21T19:23:35+02:00 logger.go:66: module.subnets.aws_subnet.public[1]: Destroying... [id=subnet-0ed1c056b2c587d01]
TestTerraformBasicExample 2021-06-21T19:23:35+02:00 logger.go:66: module.subnets.aws_subnet.public[0]: Destroying... [id=subnet-002cb838d1226f36b]
TestTerraformBasicExample 2021-06-21T19:23:35+02:00 logger.go:66: module.eks_cluster.aws_kms_key.cluster[0]: Destroying... [id=cfb949d5-5883-420f-a3c8-ea070104aec6]
TestTerraformBasicExample 2021-06-21T19:23:35+02:00 logger.go:66: module.subnets.aws_subnet.private[0]: Destroying... [id=subnet-066ca524612cae113]
TestTerraformBasicExample 2021-06-21T19:23:35+02:00 logger.go:66: module.eks_cluster.aws_iam_role_policy_attachment.amazon_eks_service_policy[0]: Destroying... [id=zimagi-develop-eks-cluster-20210621165913635900000004]
TestTerraformBasicExample 2021-06-21T19:23:35+02:00 logger.go:66: module.eks_cluster.aws_iam_role_policy_attachment.amazon_eks_cluster_policy[0]: Destroying... [id=zimagi-develop-eks-cluster-20210621165913629400000003]
TestTerraformBasicExample 2021-06-21T19:23:35+02:00 logger.go:66: module.eks_cluster.module.security_group.aws_security_group_rule.default["egress--1-0-65535-9c87e5e1ed040a443ce1ac8e6d6cf159"]: Destroying... [id=sgrule-2621663839]
TestTerraformBasicExample 2021-06-21T19:23:35+02:00 logger.go:66: module.subnets.aws_subnet.private[1]: Destroying... [id=subnet-0ddd32d715a3298d1]
TestTerraformBasicExample 2021-06-21T19:23:36+02:00 logger.go:66: module.eks_cluster.aws_iam_role_policy_attachment.amazon_eks_service_policy[0]: Destruction complete after 2s
TestTerraformBasicExample 2021-06-21T19:23:36+02:00 logger.go:66: module.eks_cluster.aws_iam_role_policy_attachment.amazon_eks_cluster_policy[0]: Destruction complete after 2s
TestTerraformBasicExample 2021-06-21T19:23:36+02:00 logger.go:66: module.eks_cluster.aws_iam_role.default[0]: Destroying... [id=zimagi-develop-eks-cluster]
TestTerraformBasicExample 2021-06-21T19:23:36+02:00 logger.go:66: module.eks_cluster.aws_cloudwatch_log_group.default[0]: Destruction complete after 2s
TestTerraformBasicExample 2021-06-21T19:23:37+02:00 logger.go:66: module.eks_cluster.aws_kms_key.cluster[0]: Destruction complete after 2s
TestTerraformBasicExample 2021-06-21T19:23:37+02:00 logger.go:66: module.eks_cluster.module.security_group.aws_security_group_rule.default["egress--1-0-65535-9c87e5e1ed040a443ce1ac8e6d6cf159"]: Destruction complete after 2s
TestTerraformBasicExample 2021-06-21T19:23:37+02:00 logger.go:66: module.eks_cluster.module.security_group.aws_security_group.default[0]: Destroying... [id=sg-09d0c30bb7988c922]
TestTerraformBasicExample 2021-06-21T19:23:37+02:00 logger.go:66: module.subnets.aws_subnet.private[1]: Destruction complete after 2s
TestTerraformBasicExample 2021-06-21T19:23:37+02:00 logger.go:66: module.subnets.aws_subnet.public[0]: Destruction complete after 3s
TestTerraformBasicExample 2021-06-21T19:23:37+02:00 logger.go:66: module.subnets.aws_subnet.public[1]: Destruction complete after 3s
TestTerraformBasicExample 2021-06-21T19:23:37+02:00 logger.go:66: module.subnets.aws_subnet.private[0]: Destruction complete after 3s
TestTerraformBasicExample 2021-06-21T19:23:39+02:00 logger.go:66: module.eks_cluster.module.security_group.aws_security_group.default[0]: Destruction complete after 2s
TestTerraformBasicExample 2021-06-21T19:23:39+02:00 logger.go:66: module.vpc.aws_vpc.default[0]: Destroying... [id=vpc-03154c24cfe563183]
TestTerraformBasicExample 2021-06-21T19:23:39+02:00 logger.go:66: module.eks_cluster.aws_iam_role.default[0]: Destruction complete after 2s
TestTerraformBasicExample 2021-06-21T19:23:42+02:00 logger.go:66: module.vpc.aws_vpc.default[0]: Destruction complete after 3s
TestTerraformBasicExample 2021-06-21T19:23:42+02:00 logger.go:66: 
TestTerraformBasicExample 2021-06-21T19:23:42+02:00 logger.go:66: Warning: Deprecated Resource
TestTerraformBasicExample 2021-06-21T19:23:42+02:00 logger.go:66: 
TestTerraformBasicExample 2021-06-21T19:23:42+02:00 logger.go:66:   with data.null_data_source.wait_for_cluster_and_kubernetes_configmap,
TestTerraformBasicExample 2021-06-21T19:23:42+02:00 logger.go:66:   on main.tf line 96, in data "null_data_source" "wait_for_cluster_and_kubernetes_configmap":
TestTerraformBasicExample 2021-06-21T19:23:42+02:00 logger.go:66:   96: data "null_data_source" "wait_for_cluster_and_kubernetes_configmap" {
TestTerraformBasicExample 2021-06-21T19:23:42+02:00 logger.go:66: 
TestTerraformBasicExample 2021-06-21T19:23:42+02:00 logger.go:66: The null_data_source was historically used to construct intermediate values
TestTerraformBasicExample 2021-06-21T19:23:42+02:00 logger.go:66: to re-use elsewhere in configuration, the same can now be achieved using
TestTerraformBasicExample 2021-06-21T19:23:42+02:00 logger.go:66: locals
TestTerraformBasicExample 2021-06-21T19:23:42+02:00 logger.go:66: 
TestTerraformBasicExample 2021-06-21T19:23:42+02:00 logger.go:66: (and one more similar warning elsewhere)
TestTerraformBasicExample 2021-06-21T19:23:42+02:00 logger.go:66: 
TestTerraformBasicExample 2021-06-21T19:23:42+02:00 logger.go:66: Destroy complete! Resources: 42 destroyed.
--- PASS: TestTerraformBasicExample (1506.86s)
PASS
ok      terraform       1506.861s